// Jest Snapshot v1, https://goo.gl/fbAQLP

exports[`NotFound/404 matches the snapshot 1`] = `
<div>
  <h1>
    404 - Not Found
  </h1>
</div>
`;
